// Jest Snapshot v1, https://goo.gl/fbAQLP

exports[`applyStyleToYogaNode alignItems 1`] = `
Object {
  "alignContent": 1,
  "alignItems": 2,
  "alignSelf": 0,
  "aspectRatio": NaN,
  "border": Object {
    "all": NaN,
    "bottom": NaN,
    "end": NaN,
    "horizontal": NaN,
    "left": NaN,
    "right": NaN,
    "start": NaN,
    "top": NaN,
    "vertical": NaN,
  },
  "display": 0,
  "flexBasis": Value {
    "unit": 3,
    "value": NaN,
  },
  "flexDirection": 0,
  "flexGrow": 0,
  "flexShrink": 0,
  "flexWrap": 0,
  "height": Value {
    "unit": 3,
    "value": NaN,
  },
  "justifyContent": 0,
  "margin": Object {
    "all": Value {
      "unit": 0,
      "value": NaN,
    },
    "bottom": Value {
      "unit": 0,
      "value": NaN,
    },
    "end": Value {
      "unit": 0,
      "value": NaN,
    },
    "horizontal": Value {
      "unit": 0,
      "value": NaN,
    },
    "left": Value {
      "unit": 0,
      "value": NaN,
    },
    "right": Value {
      "unit": 0,
      "value": NaN,
    },
    "start": Value {
      "unit": 0,
      "value": NaN,
    },
    "top": Value {
      "unit": 0,
      "value": NaN,
    },
    "vertical": Value {
      "unit": 0,
      "value": NaN,
    },
  },
  "maxHeight": Value {
    "unit": 0,
    "value": NaN,
  },
  "maxWidth": Value {
    "unit": 0,
    "value": NaN,
  },
  "minHeight": Value {
    "unit": 0,
    "value": NaN,
  },
  "minWidth": Value {
    "unit": 0,
    "value": NaN,
  },
  "overflow": 0,
  "padding": Object {
    "all": Value {
      "unit": 0,
      "value": NaN,
    },
    "bottom": Value {
      "unit": 0,
      "value": NaN,
    },
    "end": Value {
      "unit": 0,
      "value": NaN,
    },
    "horizontal": Value {
      "unit": 0,
      "value": NaN,
    },
    "left": Value {
      "unit": 0,
      "value": NaN,
    },
    "right": Value {
      "unit": 0,
      "value": NaN,
    },
    "start": Value {
      "unit": 0,
      "value": NaN,
    },
    "top": Value {
      "unit": 0,
      "value": NaN,
    },
    "vertical": Value {
      "unit": 0,
      "value": NaN,
    },
  },
  "position": Object {
    "all": Value {
      "unit": 0,
      "value": NaN,
    },
    "bottom": Value {
      "unit": 0,
      "value": NaN,
    },
    "end": Value {
      "unit": 0,
      "value": NaN,
    },
    "horizontal": Value {
      "unit": 0,
      "value": NaN,
    },
    "left": Value {
      "unit": 0,
      "value": NaN,
    },
    "right": Value {
      "unit": 0,
      "value": NaN,
    },
    "start": Value {
      "unit": 0,
      "value": NaN,
    },
    "top": Value {
      "unit": 0,
      "value": NaN,
    },
    "vertical": Value {
      "unit": 0,
      "value": NaN,
    },
  },
  "positionType": 0,
  "width": Value {
    "unit": 3,
    "value": NaN,
  },
}
`;

exports[`applyStyleToYogaNode alignItems 2`] = `
Object {
  "alignContent": 1,
  "alignItems": 3,
  "alignSelf": 0,
  "aspectRatio": NaN,
  "border": Object {
    "all": NaN,
    "bottom": NaN,
    "end": NaN,
    "horizontal": NaN,
    "left": NaN,
    "right": NaN,
    "start": NaN,
    "top": NaN,
    "vertical": NaN,
  },
  "display": 0,
  "flexBasis": Value {
    "unit": 3,
    "value": NaN,
  },
  "flexDirection": 0,
  "flexGrow": 0,
  "flexShrink": 0,
  "flexWrap": 0,
  "height": Value {
    "unit": 3,
    "value": NaN,
  },
  "justifyContent": 0,
  "margin": Object {
    "all": Value {
      "unit": 0,
      "value": NaN,
    },
    "bottom": Value {
      "unit": 0,
      "value": NaN,
    },
    "end": Value {
      "unit": 0,
      "value": NaN,
    },
    "horizontal": Value {
      "unit": 0,
      "value": NaN,
    },
    "left": Value {
      "unit": 0,
      "value": NaN,
    },
    "right": Value {
      "unit": 0,
      "value": NaN,
    },
    "start": Value {
      "unit": 0,
      "value": NaN,
    },
    "top": Value {
      "unit": 0,
      "value": NaN,
    },
    "vertical": Value {
      "unit": 0,
      "value": NaN,
    },
  },
  "maxHeight": Value {
    "unit": 0,
    "value": NaN,
  },
  "maxWidth": Value {
    "unit": 0,
    "value": NaN,
  },
  "minHeight": Value {
    "unit": 0,
    "value": NaN,
  },
  "minWidth": Value {
    "unit": 0,
    "value": NaN,
  },
  "overflow": 0,
  "padding": Object {
    "all": Value {
      "unit": 0,
      "value": NaN,
    },
    "bottom": Value {
      "unit": 0,
      "value": NaN,
    },
    "end": Value {
      "unit": 0,
      "value": NaN,
    },
    "horizontal": Value {
      "unit": 0,
      "value": NaN,
    },
    "left": Value {
      "unit": 0,
      "value": NaN,
    },
    "right": Value {
      "unit": 0,
      "value": NaN,
    },
    "start": Value {
      "unit": 0,
      "value": NaN,
    },
    "top": Value {
      "unit": 0,
      "value": NaN,
    },
    "vertical": Value {
      "unit": 0,
      "value": NaN,
    },
  },
  "position": Object {
    "all": Value {
      "unit": 0,
      "value": NaN,
    },
    "bottom": Value {
      "unit": 0,
      "value": NaN,
    },
    "end": Value {
      "unit": 0,
      "value": NaN,
    },
    "horizontal": Value {
      "unit": 0,
      "value": NaN,
    },
    "left": Value {
      "unit": 0,
      "value": NaN,
    },
    "right": Value {
      "unit": 0,
      "value": NaN,
    },
    "start": Value {
      "unit": 0,
      "value": NaN,
    },
    "top": Value {
      "unit": 0,
      "value": NaN,
    },
    "vertical": Value {
      "unit": 0,
      "value": NaN,
    },
  },
  "positionType": 0,
  "width": Value {
    "unit": 3,
    "value": NaN,
  },
}
`;

exports[`applyStyleToYogaNode aspectRatio 1`] = `
Object {
  "alignContent": 1,
  "alignItems": 1,
  "alignSelf": 0,
  "aspectRatio": 1.25,
  "border": Object {
    "all": NaN,
    "bottom": NaN,
    "end": NaN,
    "horizontal": NaN,
    "left": NaN,
    "right": NaN,
    "start": NaN,
    "top": NaN,
    "vertical": NaN,
  },
  "display": 0,
  "flexBasis": Value {
    "unit": 3,
    "value": NaN,
  },
  "flexDirection": 0,
  "flexGrow": 0,
  "flexShrink": 0,
  "flexWrap": 0,
  "height": Value {
    "unit": 3,
    "value": NaN,
  },
  "justifyContent": 0,
  "margin": Object {
    "all": Value {
      "unit": 0,
      "value": NaN,
    },
    "bottom": Value {
      "unit": 0,
      "value": NaN,
    },
    "end": Value {
      "unit": 0,
      "value": NaN,
    },
    "horizontal": Value {
      "unit": 0,
      "value": NaN,
    },
    "left": Value {
      "unit": 0,
      "value": NaN,
    },
    "right": Value {
      "unit": 0,
      "value": NaN,
    },
    "start": Value {
      "unit": 0,
      "value": NaN,
    },
    "top": Value {
      "unit": 0,
      "value": NaN,
    },
    "vertical": Value {
      "unit": 0,
      "value": NaN,
    },
  },
  "maxHeight": Value {
    "unit": 0,
    "value": NaN,
  },
  "maxWidth": Value {
    "unit": 0,
    "value": NaN,
  },
  "minHeight": Value {
    "unit": 0,
    "value": NaN,
  },
  "minWidth": Value {
    "unit": 0,
    "value": NaN,
  },
  "overflow": 0,
  "padding": Object {
    "all": Value {
      "unit": 0,
      "value": NaN,
    },
    "bottom": Value {
      "unit": 0,
      "value": NaN,
    },
    "end": Value {
      "unit": 0,
      "value": NaN,
    },
    "horizontal": Value {
      "unit": 0,
      "value": NaN,
    },
    "left": Value {
      "unit": 0,
      "value": NaN,
    },
    "right": Value {
      "unit": 0,
      "value": NaN,
    },
    "start": Value {
      "unit": 0,
      "value": NaN,
    },
    "top": Value {
      "unit": 0,
      "value": NaN,
    },
    "vertical": Value {
      "unit": 0,
      "value": NaN,
    },
  },
  "position": Object {
    "all": Value {
      "unit": 0,
      "value": NaN,
    },
    "bottom": Value {
      "unit": 0,
      "value": NaN,
    },
    "end": Value {
      "unit": 0,
      "value": NaN,
    },
    "horizontal": Value {
      "unit": 0,
      "value": NaN,
    },
    "left": Value {
      "unit": 0,
      "value": NaN,
    },
    "right": Value {
      "unit": 0,
      "value": NaN,
    },
    "start": Value {
      "unit": 0,
      "value": NaN,
    },
    "top": Value {
      "unit": 0,
      "value": NaN,
    },
    "vertical": Value {
      "unit": 0,
      "value": NaN,
    },
  },
  "positionType": 0,
  "width": Value {
    "unit": 3,
    "value": NaN,
  },
}
`;

exports[`applyStyleToYogaNode flexBasis 1`] = `
Object {
  "alignContent": 1,
  "alignItems": 1,
  "alignSelf": 0,
  "aspectRatio": NaN,
  "border": Object {
    "all": NaN,
    "bottom": NaN,
    "end": NaN,
    "horizontal": NaN,
    "left": NaN,
    "right": NaN,
    "start": NaN,
    "top": NaN,
    "vertical": NaN,
  },
  "display": 0,
  "flexBasis": Value {
    "unit": 1,
    "value": 100,
  },
  "flexDirection": 0,
  "flexGrow": 0,
  "flexShrink": 0,
  "flexWrap": 0,
  "height": Value {
    "unit": 3,
    "value": NaN,
  },
  "justifyContent": 0,
  "margin": Object {
    "all": Value {
      "unit": 0,
      "value": NaN,
    },
    "bottom": Value {
      "unit": 0,
      "value": NaN,
    },
    "end": Value {
      "unit": 0,
      "value": NaN,
    },
    "horizontal": Value {
      "unit": 0,
      "value": NaN,
    },
    "left": Value {
      "unit": 0,
      "value": NaN,
    },
    "right": Value {
      "unit": 0,
      "value": NaN,
    },
    "start": Value {
      "unit": 0,
      "value": NaN,
    },
    "top": Value {
      "unit": 0,
      "value": NaN,
    },
    "vertical": Value {
      "unit": 0,
      "value": NaN,
    },
  },
  "maxHeight": Value {
    "unit": 0,
    "value": NaN,
  },
  "maxWidth": Value {
    "unit": 0,
    "value": NaN,
  },
  "minHeight": Value {
    "unit": 0,
    "value": NaN,
  },
  "minWidth": Value {
    "unit": 0,
    "value": NaN,
  },
  "overflow": 0,
  "padding": Object {
    "all": Value {
      "unit": 0,
      "value": NaN,
    },
    "bottom": Value {
      "unit": 0,
      "value": NaN,
    },
    "end": Value {
      "unit": 0,
      "value": NaN,
    },
    "horizontal": Value {
      "unit": 0,
      "value": NaN,
    },
    "left": Value {
      "unit": 0,
      "value": NaN,
    },
    "right": Value {
      "unit": 0,
      "value": NaN,
    },
    "start": Value {
      "unit": 0,
      "value": NaN,
    },
    "top": Value {
      "unit": 0,
      "value": NaN,
    },
    "vertical": Value {
      "unit": 0,
      "value": NaN,
    },
  },
  "position": Object {
    "all": Value {
      "unit": 0,
      "value": NaN,
    },
    "bottom": Value {
      "unit": 0,
      "value": NaN,
    },
    "end": Value {
      "unit": 0,
      "value": NaN,
    },
    "horizontal": Value {
      "unit": 0,
      "value": NaN,
    },
    "left": Value {
      "unit": 0,
      "value": NaN,
    },
    "right": Value {
      "unit": 0,
      "value": NaN,
    },
    "start": Value {
      "unit": 0,
      "value": NaN,
    },
    "top": Value {
      "unit": 0,
      "value": NaN,
    },
    "vertical": Value {
      "unit": 0,
      "value": NaN,
    },
  },
  "positionType": 0,
  "width": Value {
    "unit": 3,
    "value": NaN,
  },
}
`;

exports[`applyStyleToYogaNode flexBasis with percentage 1`] = `
Object {
  "alignContent": 1,
  "alignItems": 1,
  "alignSelf": 0,
  "aspectRatio": NaN,
  "border": Object {
    "all": NaN,
    "bottom": NaN,
    "end": NaN,
    "horizontal": NaN,
    "left": NaN,
    "right": NaN,
    "start": NaN,
    "top": NaN,
    "vertical": NaN,
  },
  "display": 0,
  "flexBasis": Value {
    "unit": 2,
    "value": 50,
  },
  "flexDirection": 0,
  "flexGrow": 0,
  "flexShrink": 0,
  "flexWrap": 0,
  "height": Value {
    "unit": 3,
    "value": NaN,
  },
  "justifyContent": 0,
  "margin": Object {
    "all": Value {
      "unit": 0,
      "value": NaN,
    },
    "bottom": Value {
      "unit": 0,
      "value": NaN,
    },
    "end": Value {
      "unit": 0,
      "value": NaN,
    },
    "horizontal": Value {
      "unit": 0,
      "value": NaN,
    },
    "left": Value {
      "unit": 0,
      "value": NaN,
    },
    "right": Value {
      "unit": 0,
      "value": NaN,
    },
    "start": Value {
      "unit": 0,
      "value": NaN,
    },
    "top": Value {
      "unit": 0,
      "value": NaN,
    },
    "vertical": Value {
      "unit": 0,
      "value": NaN,
    },
  },
  "maxHeight": Value {
    "unit": 0,
    "value": NaN,
  },
  "maxWidth": Value {
    "unit": 0,
    "value": NaN,
  },
  "minHeight": Value {
    "unit": 0,
    "value": NaN,
  },
  "minWidth": Value {
    "unit": 0,
    "value": NaN,
  },
  "overflow": 0,
  "padding": Object {
    "all": Value {
      "unit": 0,
      "value": NaN,
    },
    "bottom": Value {
      "unit": 0,
      "value": NaN,
    },
    "end": Value {
      "unit": 0,
      "value": NaN,
    },
    "horizontal": Value {
      "unit": 0,
      "value": NaN,
    },
    "left": Value {
      "unit": 0,
      "value": NaN,
    },
    "right": Value {
      "unit": 0,
      "value": NaN,
    },
    "start": Value {
      "unit": 0,
      "value": NaN,
    },
    "top": Value {
      "unit": 0,
      "value": NaN,
    },
    "vertical": Value {
      "unit": 0,
      "value": NaN,
    },
  },
  "position": Object {
    "all": Value {
      "unit": 0,
      "value": NaN,
    },
    "bottom": Value {
      "unit": 0,
      "value": NaN,
    },
    "end": Value {
      "unit": 0,
      "value": NaN,
    },
    "horizontal": Value {
      "unit": 0,
      "value": NaN,
    },
    "left": Value {
      "unit": 0,
      "value": NaN,
    },
    "right": Value {
      "unit": 0,
      "value": NaN,
    },
    "start": Value {
      "unit": 0,
      "value": NaN,
    },
    "top": Value {
      "unit": 0,
      "value": NaN,
    },
    "vertical": Value {
      "unit": 0,
      "value": NaN,
    },
  },
  "positionType": 0,
  "width": Value {
    "unit": 3,
    "value": NaN,
  },
}
`;

exports[`applyStyleToYogaNode flexDirection 1`] = `
Object {
  "alignContent": 1,
  "alignItems": 1,
  "alignSelf": 0,
  "aspectRatio": NaN,
  "border": Object {
    "all": NaN,
    "bottom": NaN,
    "end": NaN,
    "horizontal": NaN,
    "left": NaN,
    "right": NaN,
    "start": NaN,
    "top": NaN,
    "vertical": NaN,
  },
  "display": 0,
  "flexBasis": Value {
    "unit": 3,
    "value": NaN,
  },
  "flexDirection": 2,
  "flexGrow": 0,
  "flexShrink": 0,
  "flexWrap": 0,
  "height": Value {
    "unit": 3,
    "value": NaN,
  },
  "justifyContent": 0,
  "margin": Object {
    "all": Value {
      "unit": 0,
      "value": NaN,
    },
    "bottom": Value {
      "unit": 0,
      "value": NaN,
    },
    "end": Value {
      "unit": 0,
      "value": NaN,
    },
    "horizontal": Value {
      "unit": 0,
      "value": NaN,
    },
    "left": Value {
      "unit": 0,
      "value": NaN,
    },
    "right": Value {
      "unit": 0,
      "value": NaN,
    },
    "start": Value {
      "unit": 0,
      "value": NaN,
    },
    "top": Value {
      "unit": 0,
      "value": NaN,
    },
    "vertical": Value {
      "unit": 0,
      "value": NaN,
    },
  },
  "maxHeight": Value {
    "unit": 0,
    "value": NaN,
  },
  "maxWidth": Value {
    "unit": 0,
    "value": NaN,
  },
  "minHeight": Value {
    "unit": 0,
    "value": NaN,
  },
  "minWidth": Value {
    "unit": 0,
    "value": NaN,
  },
  "overflow": 0,
  "padding": Object {
    "all": Value {
      "unit": 0,
      "value": NaN,
    },
    "bottom": Value {
      "unit": 0,
      "value": NaN,
    },
    "end": Value {
      "unit": 0,
      "value": NaN,
    },
    "horizontal": Value {
      "unit": 0,
      "value": NaN,
    },
    "left": Value {
      "unit": 0,
      "value": NaN,
    },
    "right": Value {
      "unit": 0,
      "value": NaN,
    },
    "start": Value {
      "unit": 0,
      "value": NaN,
    },
    "top": Value {
      "unit": 0,
      "value": NaN,
    },
    "vertical": Value {
      "unit": 0,
      "value": NaN,
    },
  },
  "position": Object {
    "all": Value {
      "unit": 0,
      "value": NaN,
    },
    "bottom": Value {
      "unit": 0,
      "value": NaN,
    },
    "end": Value {
      "unit": 0,
      "value": NaN,
    },
    "horizontal": Value {
      "unit": 0,
      "value": NaN,
    },
    "left": Value {
      "unit": 0,
      "value": NaN,
    },
    "right": Value {
      "unit": 0,
      "value": NaN,
    },
    "start": Value {
      "unit": 0,
      "value": NaN,
    },
    "top": Value {
      "unit": 0,
      "value": NaN,
    },
    "vertical": Value {
      "unit": 0,
      "value": NaN,
    },
  },
  "positionType": 0,
  "width": Value {
    "unit": 3,
    "value": NaN,
  },
}
`;

exports[`applyStyleToYogaNode flexGrow 1`] = `
Object {
  "alignContent": 1,
  "alignItems": 1,
  "alignSelf": 0,
  "aspectRatio": NaN,
  "border": Object {
    "all": NaN,
    "bottom": NaN,
    "end": NaN,
    "horizontal": NaN,
    "left": NaN,
    "right": NaN,
    "start": NaN,
    "top": NaN,
    "vertical": NaN,
  },
  "display": 0,
  "flexBasis": Value {
    "unit": 3,
    "value": NaN,
  },
  "flexDirection": 0,
  "flexGrow": 2,
  "flexShrink": 0,
  "flexWrap": 0,
  "height": Value {
    "unit": 3,
    "value": NaN,
  },
  "justifyContent": 0,
  "margin": Object {
    "all": Value {
      "unit": 0,
      "value": NaN,
    },
    "bottom": Value {
      "unit": 0,
      "value": NaN,
    },
    "end": Value {
      "unit": 0,
      "value": NaN,
    },
    "horizontal": Value {
      "unit": 0,
      "value": NaN,
    },
    "left": Value {
      "unit": 0,
      "value": NaN,
    },
    "right": Value {
      "unit": 0,
      "value": NaN,
    },
    "start": Value {
      "unit": 0,
      "value": NaN,
    },
    "top": Value {
      "unit": 0,
      "value": NaN,
    },
    "vertical": Value {
      "unit": 0,
      "value": NaN,
    },
  },
  "maxHeight": Value {
    "unit": 0,
    "value": NaN,
  },
  "maxWidth": Value {
    "unit": 0,
    "value": NaN,
  },
  "minHeight": Value {
    "unit": 0,
    "value": NaN,
  },
  "minWidth": Value {
    "unit": 0,
    "value": NaN,
  },
  "overflow": 0,
  "padding": Object {
    "all": Value {
      "unit": 0,
      "value": NaN,
    },
    "bottom": Value {
      "unit": 0,
      "value": NaN,
    },
    "end": Value {
      "unit": 0,
      "value": NaN,
    },
    "horizontal": Value {
      "unit": 0,
      "value": NaN,
    },
    "left": Value {
      "unit": 0,
      "value": NaN,
    },
    "right": Value {
      "unit": 0,
      "value": NaN,
    },
    "start": Value {
      "unit": 0,
      "value": NaN,
    },
    "top": Value {
      "unit": 0,
      "value": NaN,
    },
    "vertical": Value {
      "unit": 0,
      "value": NaN,
    },
  },
  "position": Object {
    "all": Value {
      "unit": 0,
      "value": NaN,
    },
    "bottom": Value {
      "unit": 0,
      "value": NaN,
    },
    "end": Value {
      "unit": 0,
      "value": NaN,
    },
    "horizontal": Value {
      "unit": 0,
      "value": NaN,
    },
    "left": Value {
      "unit": 0,
      "value": NaN,
    },
    "right": Value {
      "unit": 0,
      "value": NaN,
    },
    "start": Value {
      "unit": 0,
      "value": NaN,
    },
    "top": Value {
      "unit": 0,
      "value": NaN,
    },
    "vertical": Value {
      "unit": 0,
      "value": NaN,
    },
  },
  "positionType": 0,
  "width": Value {
    "unit": 3,
    "value": NaN,
  },
}
`;

exports[`applyStyleToYogaNode flexShrink 1`] = `
Object {
  "alignContent": 1,
  "alignItems": 1,
  "alignSelf": 0,
  "aspectRatio": NaN,
  "border": Object {
    "all": NaN,
    "bottom": NaN,
    "end": NaN,
    "horizontal": NaN,
    "left": NaN,
    "right": NaN,
    "start": NaN,
    "top": NaN,
    "vertical": NaN,
  },
  "display": 0,
  "flexBasis": Value {
    "unit": 3,
    "value": NaN,
  },
  "flexDirection": 0,
  "flexGrow": 0,
  "flexShrink": 0.5,
  "flexWrap": 0,
  "height": Value {
    "unit": 3,
    "value": NaN,
  },
  "justifyContent": 0,
  "margin": Object {
    "all": Value {
      "unit": 0,
      "value": NaN,
    },
    "bottom": Value {
      "unit": 0,
      "value": NaN,
    },
    "end": Value {
      "unit": 0,
      "value": NaN,
    },
    "horizontal": Value {
      "unit": 0,
      "value": NaN,
    },
    "left": Value {
      "unit": 0,
      "value": NaN,
    },
    "right": Value {
      "unit": 0,
      "value": NaN,
    },
    "start": Value {
      "unit": 0,
      "value": NaN,
    },
    "top": Value {
      "unit": 0,
      "value": NaN,
    },
    "vertical": Value {
      "unit": 0,
      "value": NaN,
    },
  },
  "maxHeight": Value {
    "unit": 0,
    "value": NaN,
  },
  "maxWidth": Value {
    "unit": 0,
    "value": NaN,
  },
  "minHeight": Value {
    "unit": 0,
    "value": NaN,
  },
  "minWidth": Value {
    "unit": 0,
    "value": NaN,
  },
  "overflow": 0,
  "padding": Object {
    "all": Value {
      "unit": 0,
      "value": NaN,
    },
    "bottom": Value {
      "unit": 0,
      "value": NaN,
    },
    "end": Value {
      "unit": 0,
      "value": NaN,
    },
    "horizontal": Value {
      "unit": 0,
      "value": NaN,
    },
    "left": Value {
      "unit": 0,
      "value": NaN,
    },
    "right": Value {
      "unit": 0,
      "value": NaN,
    },
    "start": Value {
      "unit": 0,
      "value": NaN,
    },
    "top": Value {
      "unit": 0,
      "value": NaN,
    },
    "vertical": Value {
      "unit": 0,
      "value": NaN,
    },
  },
  "position": Object {
    "all": Value {
      "unit": 0,
      "value": NaN,
    },
    "bottom": Value {
      "unit": 0,
      "value": NaN,
    },
    "end": Value {
      "unit": 0,
      "value": NaN,
    },
    "horizontal": Value {
      "unit": 0,
      "value": NaN,
    },
    "left": Value {
      "unit": 0,
      "value": NaN,
    },
    "right": Value {
      "unit": 0,
      "value": NaN,
    },
    "start": Value {
      "unit": 0,
      "value": NaN,
    },
    "top": Value {
      "unit": 0,
      "value": NaN,
    },
    "vertical": Value {
      "unit": 0,
      "value": NaN,
    },
  },
  "positionType": 0,
  "width": Value {
    "unit": 3,
    "value": NaN,
  },
}
`;

exports[`applyStyleToYogaNode flexWrap 1`] = `
Object {
  "alignContent": 1,
  "alignItems": 1,
  "alignSelf": 0,
  "aspectRatio": NaN,
  "border": Object {
    "all": NaN,
    "bottom": NaN,
    "end": NaN,
    "horizontal": NaN,
    "left": NaN,
    "right": NaN,
    "start": NaN,
    "top": NaN,
    "vertical": NaN,
  },
  "display": 0,
  "flexBasis": Value {
    "unit": 3,
    "value": NaN,
  },
  "flexDirection": 0,
  "flexGrow": 0,
  "flexShrink": 0,
  "flexWrap": 1,
  "height": Value {
    "unit": 3,
    "value": NaN,
  },
  "justifyContent": 0,
  "margin": Object {
    "all": Value {
      "unit": 0,
      "value": NaN,
    },
    "bottom": Value {
      "unit": 0,
      "value": NaN,
    },
    "end": Value {
      "unit": 0,
      "value": NaN,
    },
    "horizontal": Value {
      "unit": 0,
      "value": NaN,
    },
    "left": Value {
      "unit": 0,
      "value": NaN,
    },
    "right": Value {
      "unit": 0,
      "value": NaN,
    },
    "start": Value {
      "unit": 0,
      "value": NaN,
    },
    "top": Value {
      "unit": 0,
      "value": NaN,
    },
    "vertical": Value {
      "unit": 0,
      "value": NaN,
    },
  },
  "maxHeight": Value {
    "unit": 0,
    "value": NaN,
  },
  "maxWidth": Value {
    "unit": 0,
    "value": NaN,
  },
  "minHeight": Value {
    "unit": 0,
    "value": NaN,
  },
  "minWidth": Value {
    "unit": 0,
    "value": NaN,
  },
  "overflow": 0,
  "padding": Object {
    "all": Value {
      "unit": 0,
      "value": NaN,
    },
    "bottom": Value {
      "unit": 0,
      "value": NaN,
    },
    "end": Value {
      "unit": 0,
      "value": NaN,
    },
    "horizontal": Value {
      "unit": 0,
      "value": NaN,
    },
    "left": Value {
      "unit": 0,
      "value": NaN,
    },
    "right": Value {
      "unit": 0,
      "value": NaN,
    },
    "start": Value {
      "unit": 0,
      "value": NaN,
    },
    "top": Value {
      "unit": 0,
      "value": NaN,
    },
    "vertical": Value {
      "unit": 0,
      "value": NaN,
    },
  },
  "position": Object {
    "all": Value {
      "unit": 0,
      "value": NaN,
    },
    "bottom": Value {
      "unit": 0,
      "value": NaN,
    },
    "end": Value {
      "unit": 0,
      "value": NaN,
    },
    "horizontal": Value {
      "unit": 0,
      "value": NaN,
    },
    "left": Value {
      "unit": 0,
      "value": NaN,
    },
    "right": Value {
      "unit": 0,
      "value": NaN,
    },
    "start": Value {
      "unit": 0,
      "value": NaN,
    },
    "top": Value {
      "unit": 0,
      "value": NaN,
    },
    "vertical": Value {
      "unit": 0,
      "value": NaN,
    },
  },
  "positionType": 0,
  "width": Value {
    "unit": 3,
    "value": NaN,
  },
}
`;

exports[`applyStyleToYogaNode justifyContent 1`] = `
Object {
  "alignContent": 1,
  "alignItems": 1,
  "alignSelf": 0,
  "aspectRatio": NaN,
  "border": Object {
    "all": NaN,
    "bottom": NaN,
    "end": NaN,
    "horizontal": NaN,
    "left": NaN,
    "right": NaN,
    "start": NaN,
    "top": NaN,
    "vertical": NaN,
  },
  "display": 0,
  "flexBasis": Value {
    "unit": 3,
    "value": NaN,
  },
  "flexDirection": 0,
  "flexGrow": 0,
  "flexShrink": 0,
  "flexWrap": 0,
  "height": Value {
    "unit": 3,
    "value": NaN,
  },
  "justifyContent": 1,
  "margin": Object {
    "all": Value {
      "unit": 0,
      "value": NaN,
    },
    "bottom": Value {
      "unit": 0,
      "value": NaN,
    },
    "end": Value {
      "unit": 0,
      "value": NaN,
    },
    "horizontal": Value {
      "unit": 0,
      "value": NaN,
    },
    "left": Value {
      "unit": 0,
      "value": NaN,
    },
    "right": Value {
      "unit": 0,
      "value": NaN,
    },
    "start": Value {
      "unit": 0,
      "value": NaN,
    },
    "top": Value {
      "unit": 0,
      "value": NaN,
    },
    "vertical": Value {
      "unit": 0,
      "value": NaN,
    },
  },
  "maxHeight": Value {
    "unit": 0,
    "value": NaN,
  },
  "maxWidth": Value {
    "unit": 0,
    "value": NaN,
  },
  "minHeight": Value {
    "unit": 0,
    "value": NaN,
  },
  "minWidth": Value {
    "unit": 0,
    "value": NaN,
  },
  "overflow": 0,
  "padding": Object {
    "all": Value {
      "unit": 0,
      "value": NaN,
    },
    "bottom": Value {
      "unit": 0,
      "value": NaN,
    },
    "end": Value {
      "unit": 0,
      "value": NaN,
    },
    "horizontal": Value {
      "unit": 0,
      "value": NaN,
    },
    "left": Value {
      "unit": 0,
      "value": NaN,
    },
    "right": Value {
      "unit": 0,
      "value": NaN,
    },
    "start": Value {
      "unit": 0,
      "value": NaN,
    },
    "top": Value {
      "unit": 0,
      "value": NaN,
    },
    "vertical": Value {
      "unit": 0,
      "value": NaN,
    },
  },
  "position": Object {
    "all": Value {
      "unit": 0,
      "value": NaN,
    },
    "bottom": Value {
      "unit": 0,
      "value": NaN,
    },
    "end": Value {
      "unit": 0,
      "value": NaN,
    },
    "horizontal": Value {
      "unit": 0,
      "value": NaN,
    },
    "left": Value {
      "unit": 0,
      "value": NaN,
    },
    "right": Value {
      "unit": 0,
      "value": NaN,
    },
    "start": Value {
      "unit": 0,
      "value": NaN,
    },
    "top": Value {
      "unit": 0,
      "value": NaN,
    },
    "vertical": Value {
      "unit": 0,
      "value": NaN,
    },
  },
  "positionType": 0,
  "width": Value {
    "unit": 3,
    "value": NaN,
  },
}
`;

exports[`applyStyleToYogaNode marginLeft 1`] = `
Object {
  "alignContent": 1,
  "alignItems": 1,
  "alignSelf": 0,
  "aspectRatio": NaN,
  "border": Object {
    "all": NaN,
    "bottom": NaN,
    "end": NaN,
    "horizontal": NaN,
    "left": NaN,
    "right": NaN,
    "start": NaN,
    "top": NaN,
    "vertical": NaN,
  },
  "display": 0,
  "flexBasis": Value {
    "unit": 3,
    "value": NaN,
  },
  "flexDirection": 0,
  "flexGrow": 0,
  "flexShrink": 0,
  "flexWrap": 0,
  "height": Value {
    "unit": 3,
    "value": NaN,
  },
  "justifyContent": 0,
  "margin": Object {
    "all": Value {
      "unit": 0,
      "value": NaN,
    },
    "bottom": Value {
      "unit": 0,
      "value": NaN,
    },
    "end": Value {
      "unit": 0,
      "value": NaN,
    },
    "horizontal": Value {
      "unit": 0,
      "value": NaN,
    },
    "left": Value {
      "unit": 1,
      "value": 20,
    },
    "right": Value {
      "unit": 0,
      "value": NaN,
    },
    "start": Value {
      "unit": 0,
      "value": NaN,
    },
    "top": Value {
      "unit": 0,
      "value": NaN,
    },
    "vertical": Value {
      "unit": 0,
      "value": NaN,
    },
  },
  "maxHeight": Value {
    "unit": 0,
    "value": NaN,
  },
  "maxWidth": Value {
    "unit": 0,
    "value": NaN,
  },
  "minHeight": Value {
    "unit": 0,
    "value": NaN,
  },
  "minWidth": Value {
    "unit": 0,
    "value": NaN,
  },
  "overflow": 0,
  "padding": Object {
    "all": Value {
      "unit": 0,
      "value": NaN,
    },
    "bottom": Value {
      "unit": 0,
      "value": NaN,
    },
    "end": Value {
      "unit": 0,
      "value": NaN,
    },
    "horizontal": Value {
      "unit": 0,
      "value": NaN,
    },
    "left": Value {
      "unit": 0,
      "value": NaN,
    },
    "right": Value {
      "unit": 0,
      "value": NaN,
    },
    "start": Value {
      "unit": 0,
      "value": NaN,
    },
    "top": Value {
      "unit": 0,
      "value": NaN,
    },
    "vertical": Value {
      "unit": 0,
      "value": NaN,
    },
  },
  "position": Object {
    "all": Value {
      "unit": 0,
      "value": NaN,
    },
    "bottom": Value {
      "unit": 0,
      "value": NaN,
    },
    "end": Value {
      "unit": 0,
      "value": NaN,
    },
    "horizontal": Value {
      "unit": 0,
      "value": NaN,
    },
    "left": Value {
      "unit": 0,
      "value": NaN,
    },
    "right": Value {
      "unit": 0,
      "value": NaN,
    },
    "start": Value {
      "unit": 0,
      "value": NaN,
    },
    "top": Value {
      "unit": 0,
      "value": NaN,
    },
    "vertical": Value {
      "unit": 0,
      "value": NaN,
    },
  },
  "positionType": 0,
  "width": Value {
    "unit": 3,
    "value": NaN,
  },
}
`;

exports[`applyStyleToYogaNode overflow 1`] = `
Object {
  "alignContent": 1,
  "alignItems": 1,
  "alignSelf": 0,
  "aspectRatio": NaN,
  "border": Object {
    "all": NaN,
    "bottom": NaN,
    "end": NaN,
    "horizontal": NaN,
    "left": NaN,
    "right": NaN,
    "start": NaN,
    "top": NaN,
    "vertical": NaN,
  },
  "display": 0,
  "flexBasis": Value {
    "unit": 3,
    "value": NaN,
  },
  "flexDirection": 0,
  "flexGrow": 0,
  "flexShrink": 0,
  "flexWrap": 0,
  "height": Value {
    "unit": 3,
    "value": NaN,
  },
  "justifyContent": 0,
  "margin": Object {
    "all": Value {
      "unit": 0,
      "value": NaN,
    },
    "bottom": Value {
      "unit": 0,
      "value": NaN,
    },
    "end": Value {
      "unit": 0,
      "value": NaN,
    },
    "horizontal": Value {
      "unit": 0,
      "value": NaN,
    },
    "left": Value {
      "unit": 0,
      "value": NaN,
    },
    "right": Value {
      "unit": 0,
      "value": NaN,
    },
    "start": Value {
      "unit": 0,
      "value": NaN,
    },
    "top": Value {
      "unit": 0,
      "value": NaN,
    },
    "vertical": Value {
      "unit": 0,
      "value": NaN,
    },
  },
  "maxHeight": Value {
    "unit": 0,
    "value": NaN,
  },
  "maxWidth": Value {
    "unit": 0,
    "value": NaN,
  },
  "minHeight": Value {
    "unit": 0,
    "value": NaN,
  },
  "minWidth": Value {
    "unit": 0,
    "value": NaN,
  },
  "overflow": 1,
  "padding": Object {
    "all": Value {
      "unit": 0,
      "value": NaN,
    },
    "bottom": Value {
      "unit": 0,
      "value": NaN,
    },
    "end": Value {
      "unit": 0,
      "value": NaN,
    },
    "horizontal": Value {
      "unit": 0,
      "value": NaN,
    },
    "left": Value {
      "unit": 0,
      "value": NaN,
    },
    "right": Value {
      "unit": 0,
      "value": NaN,
    },
    "start": Value {
      "unit": 0,
      "value": NaN,
    },
    "top": Value {
      "unit": 0,
      "value": NaN,
    },
    "vertical": Value {
      "unit": 0,
      "value": NaN,
    },
  },
  "position": Object {
    "all": Value {
      "unit": 0,
      "value": NaN,
    },
    "bottom": Value {
      "unit": 0,
      "value": NaN,
    },
    "end": Value {
      "unit": 0,
      "value": NaN,
    },
    "horizontal": Value {
      "unit": 0,
      "value": NaN,
    },
    "left": Value {
      "unit": 0,
      "value": NaN,
    },
    "right": Value {
      "unit": 0,
      "value": NaN,
    },
    "start": Value {
      "unit": 0,
      "value": NaN,
    },
    "top": Value {
      "unit": 0,
      "value": NaN,
    },
    "vertical": Value {
      "unit": 0,
      "value": NaN,
    },
  },
  "positionType": 0,
  "width": Value {
    "unit": 3,
    "value": NaN,
  },
}
`;

exports[`applyStyleToYogaNode paddingTop 1`] = `
Object {
  "alignContent": 1,
  "alignItems": 1,
  "alignSelf": 0,
  "aspectRatio": NaN,
  "border": Object {
    "all": NaN,
    "bottom": NaN,
    "end": NaN,
    "horizontal": NaN,
    "left": NaN,
    "right": NaN,
    "start": NaN,
    "top": NaN,
    "vertical": NaN,
  },
  "display": 0,
  "flexBasis": Value {
    "unit": 3,
    "value": NaN,
  },
  "flexDirection": 0,
  "flexGrow": 0,
  "flexShrink": 0,
  "flexWrap": 0,
  "height": Value {
    "unit": 3,
    "value": NaN,
  },
  "justifyContent": 0,
  "margin": Object {
    "all": Value {
      "unit": 0,
      "value": NaN,
    },
    "bottom": Value {
      "unit": 0,
      "value": NaN,
    },
    "end": Value {
      "unit": 0,
      "value": NaN,
    },
    "horizontal": Value {
      "unit": 0,
      "value": NaN,
    },
    "left": Value {
      "unit": 0,
      "value": NaN,
    },
    "right": Value {
      "unit": 0,
      "value": NaN,
    },
    "start": Value {
      "unit": 0,
      "value": NaN,
    },
    "top": Value {
      "unit": 0,
      "value": NaN,
    },
    "vertical": Value {
      "unit": 0,
      "value": NaN,
    },
  },
  "maxHeight": Value {
    "unit": 0,
    "value": NaN,
  },
  "maxWidth": Value {
    "unit": 0,
    "value": NaN,
  },
  "minHeight": Value {
    "unit": 0,
    "value": NaN,
  },
  "minWidth": Value {
    "unit": 0,
    "value": NaN,
  },
  "overflow": 0,
  "padding": Object {
    "all": Value {
      "unit": 0,
      "value": NaN,
    },
    "bottom": Value {
      "unit": 0,
      "value": NaN,
    },
    "end": Value {
      "unit": 0,
      "value": NaN,
    },
    "horizontal": Value {
      "unit": 0,
      "value": NaN,
    },
    "left": Value {
      "unit": 0,
      "value": NaN,
    },
    "right": Value {
      "unit": 0,
      "value": NaN,
    },
    "start": Value {
      "unit": 0,
      "value": NaN,
    },
    "top": Value {
      "unit": 1,
      "value": 20,
    },
    "vertical": Value {
      "unit": 0,
      "value": NaN,
    },
  },
  "position": Object {
    "all": Value {
      "unit": 0,
      "value": NaN,
    },
    "bottom": Value {
      "unit": 0,
      "value": NaN,
    },
    "end": Value {
      "unit": 0,
      "value": NaN,
    },
    "horizontal": Value {
      "unit": 0,
      "value": NaN,
    },
    "left": Value {
      "unit": 0,
      "value": NaN,
    },
    "right": Value {
      "unit": 0,
      "value": NaN,
    },
    "start": Value {
      "unit": 0,
      "value": NaN,
    },
    "top": Value {
      "unit": 0,
      "value": NaN,
    },
    "vertical": Value {
      "unit": 0,
      "value": NaN,
    },
  },
  "positionType": 0,
  "width": Value {
    "unit": 3,
    "value": NaN,
  },
}
`;

exports[`applyStyleToYogaNode position: absolute 1`] = `
Object {
  "alignContent": 1,
  "alignItems": 1,
  "alignSelf": 0,
  "aspectRatio": NaN,
  "border": Object {
    "all": NaN,
    "bottom": NaN,
    "end": NaN,
    "horizontal": NaN,
    "left": NaN,
    "right": NaN,
    "start": NaN,
    "top": NaN,
    "vertical": NaN,
  },
  "display": 0,
  "flexBasis": Value {
    "unit": 3,
    "value": NaN,
  },
  "flexDirection": 0,
  "flexGrow": 0,
  "flexShrink": 0,
  "flexWrap": 0,
  "height": Value {
    "unit": 3,
    "value": NaN,
  },
  "justifyContent": 0,
  "margin": Object {
    "all": Value {
      "unit": 0,
      "value": NaN,
    },
    "bottom": Value {
      "unit": 0,
      "value": NaN,
    },
    "end": Value {
      "unit": 0,
      "value": NaN,
    },
    "horizontal": Value {
      "unit": 0,
      "value": NaN,
    },
    "left": Value {
      "unit": 0,
      "value": NaN,
    },
    "right": Value {
      "unit": 0,
      "value": NaN,
    },
    "start": Value {
      "unit": 0,
      "value": NaN,
    },
    "top": Value {
      "unit": 0,
      "value": NaN,
    },
    "vertical": Value {
      "unit": 0,
      "value": NaN,
    },
  },
  "maxHeight": Value {
    "unit": 0,
    "value": NaN,
  },
  "maxWidth": Value {
    "unit": 0,
    "value": NaN,
  },
  "minHeight": Value {
    "unit": 0,
    "value": NaN,
  },
  "minWidth": Value {
    "unit": 0,
    "value": NaN,
  },
  "overflow": 0,
  "padding": Object {
    "all": Value {
      "unit": 0,
      "value": NaN,
    },
    "bottom": Value {
      "unit": 0,
      "value": NaN,
    },
    "end": Value {
      "unit": 0,
      "value": NaN,
    },
    "horizontal": Value {
      "unit": 0,
      "value": NaN,
    },
    "left": Value {
      "unit": 0,
      "value": NaN,
    },
    "right": Value {
      "unit": 0,
      "value": NaN,
    },
    "start": Value {
      "unit": 0,
      "value": NaN,
    },
    "top": Value {
      "unit": 0,
      "value": NaN,
    },
    "vertical": Value {
      "unit": 0,
      "value": NaN,
    },
  },
  "position": Object {
    "all": Value {
      "unit": 0,
      "value": NaN,
    },
    "bottom": Value {
      "unit": 0,
      "value": NaN,
    },
    "end": Value {
      "unit": 0,
      "value": NaN,
    },
    "horizontal": Value {
      "unit": 0,
      "value": NaN,
    },
    "left": Value {
      "unit": 0,
      "value": NaN,
    },
    "right": Value {
      "unit": 0,
      "value": NaN,
    },
    "start": Value {
      "unit": 0,
      "value": NaN,
    },
    "top": Value {
      "unit": 0,
      "value": NaN,
    },
    "vertical": Value {
      "unit": 0,
      "value": NaN,
    },
  },
  "positionType": 1,
  "width": Value {
    "unit": 3,
    "value": NaN,
  },
}
`;

exports[`applyStyleToYogaNode top / left / right / bottom 1`] = `
Object {
  "alignContent": 1,
  "alignItems": 1,
  "alignSelf": 0,
  "aspectRatio": NaN,
  "border": Object {
    "all": NaN,
    "bottom": NaN,
    "end": NaN,
    "horizontal": NaN,
    "left": NaN,
    "right": NaN,
    "start": NaN,
    "top": NaN,
    "vertical": NaN,
  },
  "display": 0,
  "flexBasis": Value {
    "unit": 3,
    "value": NaN,
  },
  "flexDirection": 0,
  "flexGrow": 0,
  "flexShrink": 0,
  "flexWrap": 0,
  "height": Value {
    "unit": 3,
    "value": NaN,
  },
  "justifyContent": 0,
  "margin": Object {
    "all": Value {
      "unit": 0,
      "value": NaN,
    },
    "bottom": Value {
      "unit": 0,
      "value": NaN,
    },
    "end": Value {
      "unit": 0,
      "value": NaN,
    },
    "horizontal": Value {
      "unit": 0,
      "value": NaN,
    },
    "left": Value {
      "unit": 0,
      "value": NaN,
    },
    "right": Value {
      "unit": 0,
      "value": NaN,
    },
    "start": Value {
      "unit": 0,
      "value": NaN,
    },
    "top": Value {
      "unit": 0,
      "value": NaN,
    },
    "vertical": Value {
      "unit": 0,
      "value": NaN,
    },
  },
  "maxHeight": Value {
    "unit": 0,
    "value": NaN,
  },
  "maxWidth": Value {
    "unit": 0,
    "value": NaN,
  },
  "minHeight": Value {
    "unit": 0,
    "value": NaN,
  },
  "minWidth": Value {
    "unit": 0,
    "value": NaN,
  },
  "overflow": 0,
  "padding": Object {
    "all": Value {
      "unit": 0,
      "value": NaN,
    },
    "bottom": Value {
      "unit": 0,
      "value": NaN,
    },
    "end": Value {
      "unit": 0,
      "value": NaN,
    },
    "horizontal": Value {
      "unit": 0,
      "value": NaN,
    },
    "left": Value {
      "unit": 0,
      "value": NaN,
    },
    "right": Value {
      "unit": 0,
      "value": NaN,
    },
    "start": Value {
      "unit": 0,
      "value": NaN,
    },
    "top": Value {
      "unit": 0,
      "value": NaN,
    },
    "vertical": Value {
      "unit": 0,
      "value": NaN,
    },
  },
  "position": Object {
    "all": Value {
      "unit": 0,
      "value": NaN,
    },
    "bottom": Value {
      "unit": 1,
      "value": 40,
    },
    "end": Value {
      "unit": 0,
      "value": NaN,
    },
    "horizontal": Value {
      "unit": 0,
      "value": NaN,
    },
    "left": Value {
      "unit": 1,
      "value": 20,
    },
    "right": Value {
      "unit": 1,
      "value": 30,
    },
    "start": Value {
      "unit": 0,
      "value": NaN,
    },
    "top": Value {
      "unit": 1,
      "value": 10,
    },
    "vertical": Value {
      "unit": 0,
      "value": NaN,
    },
  },
  "positionType": 0,
  "width": Value {
    "unit": 3,
    "value": NaN,
  },
}
`;

exports[`applyStyleToYogaNode width 1`] = `
Object {
  "alignContent": 1,
  "alignItems": 1,
  "alignSelf": 0,
  "aspectRatio": NaN,
  "border": Object {
    "all": NaN,
    "bottom": NaN,
    "end": NaN,
    "horizontal": NaN,
    "left": NaN,
    "right": NaN,
    "start": NaN,
    "top": NaN,
    "vertical": NaN,
  },
  "display": 0,
  "flexBasis": Value {
    "unit": 3,
    "value": NaN,
  },
  "flexDirection": 0,
  "flexGrow": 0,
  "flexShrink": 0,
  "flexWrap": 0,
  "height": Value {
    "unit": 3,
    "value": NaN,
  },
  "justifyContent": 0,
  "margin": Object {
    "all": Value {
      "unit": 0,
      "value": NaN,
    },
    "bottom": Value {
      "unit": 0,
      "value": NaN,
    },
    "end": Value {
      "unit": 0,
      "value": NaN,
    },
    "horizontal": Value {
      "unit": 0,
      "value": NaN,
    },
    "left": Value {
      "unit": 0,
      "value": NaN,
    },
    "right": Value {
      "unit": 0,
      "value": NaN,
    },
    "start": Value {
      "unit": 0,
      "value": NaN,
    },
    "top": Value {
      "unit": 0,
      "value": NaN,
    },
    "vertical": Value {
      "unit": 0,
      "value": NaN,
    },
  },
  "maxHeight": Value {
    "unit": 0,
    "value": NaN,
  },
  "maxWidth": Value {
    "unit": 0,
    "value": NaN,
  },
  "minHeight": Value {
    "unit": 0,
    "value": NaN,
  },
  "minWidth": Value {
    "unit": 0,
    "value": NaN,
  },
  "overflow": 0,
  "padding": Object {
    "all": Value {
      "unit": 0,
      "value": NaN,
    },
    "bottom": Value {
      "unit": 0,
      "value": NaN,
    },
    "end": Value {
      "unit": 0,
      "value": NaN,
    },
    "horizontal": Value {
      "unit": 0,
      "value": NaN,
    },
    "left": Value {
      "unit": 0,
      "value": NaN,
    },
    "right": Value {
      "unit": 0,
      "value": NaN,
    },
    "start": Value {
      "unit": 0,
      "value": NaN,
    },
    "top": Value {
      "unit": 0,
      "value": NaN,
    },
    "vertical": Value {
      "unit": 0,
      "value": NaN,
    },
  },
  "position": Object {
    "all": Value {
      "unit": 0,
      "value": NaN,
    },
    "bottom": Value {
      "unit": 0,
      "value": NaN,
    },
    "end": Value {
      "unit": 0,
      "value": NaN,
    },
    "horizontal": Value {
      "unit": 0,
      "value": NaN,
    },
    "left": Value {
      "unit": 0,
      "value": NaN,
    },
    "right": Value {
      "unit": 0,
      "value": NaN,
    },
    "start": Value {
      "unit": 0,
      "value": NaN,
    },
    "top": Value {
      "unit": 0,
      "value": NaN,
    },
    "vertical": Value {
      "unit": 0,
      "value": NaN,
    },
  },
  "positionType": 0,
  "width": Value {
    "unit": 1,
    "value": 200,
  },
}
`;

exports[`applyStyleToYogaNode width with percentage 1`] = `
Object {
  "alignContent": 1,
  "alignItems": 1,
  "alignSelf": 0,
  "aspectRatio": NaN,
  "border": Object {
    "all": NaN,
    "bottom": NaN,
    "end": NaN,
    "horizontal": NaN,
    "left": NaN,
    "right": NaN,
    "start": NaN,
    "top": NaN,
    "vertical": NaN,
  },
  "display": 0,
  "flexBasis": Value {
    "unit": 3,
    "value": NaN,
  },
  "flexDirection": 0,
  "flexGrow": 0,
  "flexShrink": 0,
  "flexWrap": 0,
  "height": Value {
    "unit": 3,
    "value": NaN,
  },
  "justifyContent": 0,
  "margin": Object {
    "all": Value {
      "unit": 0,
      "value": NaN,
    },
    "bottom": Value {
      "unit": 0,
      "value": NaN,
    },
    "end": Value {
      "unit": 0,
      "value": NaN,
    },
    "horizontal": Value {
      "unit": 0,
      "value": NaN,
    },
    "left": Value {
      "unit": 0,
      "value": NaN,
    },
    "right": Value {
      "unit": 0,
      "value": NaN,
    },
    "start": Value {
      "unit": 0,
      "value": NaN,
    },
    "top": Value {
      "unit": 0,
      "value": NaN,
    },
    "vertical": Value {
      "unit": 0,
      "value": NaN,
    },
  },
  "maxHeight": Value {
    "unit": 0,
    "value": NaN,
  },
  "maxWidth": Value {
    "unit": 0,
    "value": NaN,
  },
  "minHeight": Value {
    "unit": 0,
    "value": NaN,
  },
  "minWidth": Value {
    "unit": 0,
    "value": NaN,
  },
  "overflow": 0,
  "padding": Object {
    "all": Value {
      "unit": 0,
      "value": NaN,
    },
    "bottom": Value {
      "unit": 0,
      "value": NaN,
    },
    "end": Value {
      "unit": 0,
      "value": NaN,
    },
    "horizontal": Value {
      "unit": 0,
      "value": NaN,
    },
    "left": Value {
      "unit": 0,
      "value": NaN,
    },
    "right": Value {
      "unit": 0,
      "value": NaN,
    },
    "start": Value {
      "unit": 0,
      "value": NaN,
    },
    "top": Value {
      "unit": 0,
      "value": NaN,
    },
    "vertical": Value {
      "unit": 0,
      "value": NaN,
    },
  },
  "position": Object {
    "all": Value {
      "unit": 0,
      "value": NaN,
    },
    "bottom": Value {
      "unit": 0,
      "value": NaN,
    },
    "end": Value {
      "unit": 0,
      "value": NaN,
    },
    "horizontal": Value {
      "unit": 0,
      "value": NaN,
    },
    "left": Value {
      "unit": 0,
      "value": NaN,
    },
    "right": Value {
      "unit": 0,
      "value": NaN,
    },
    "start": Value {
      "unit": 0,
      "value": NaN,
    },
    "top": Value {
      "unit": 0,
      "value": NaN,
    },
    "vertical": Value {
      "unit": 0,
      "value": NaN,
    },
  },
  "positionType": 0,
  "width": Value {
    "unit": 2,
    "value": 50,
  },
}
`;
