// Jest Snapshot v1, https://goo.gl/fbAQLP

exports[`getRectangleStyleProperties getRectangleStyleProperties 1`] = `
Object {
  "backgroundColor": "#000000",
  "borderRadius": 25,
  "shadowColor": "rgba(217, 217, 217, 0.5)",
  "shadowOffset": Object {
    "height": 5,
    "width": 0,
  },
  "shadowOpacity": 1,
  "shadowRadius": 10,
}
`;
