// Jest Snapshot v1, https://goo.gl/fbAQLP

exports[`transformGeometryStyleProperties backgroundColor: "red" 1`] = `
Object {
  "fills": Array [
    Object {
      "color": Object {
        "b": 0,
        "g": 0,
        "r": 1,
      },
      "opacity": 1,
      "type": "SOLID",
    },
  ],
}
`;

exports[`transformGeometryStyleProperties backgroundImage: ./image.png 1`] = `Object {}`;

exports[`transformGeometryStyleProperties backgroundImage: linear-gradient(#e66465, #9198e5) 1`] = `
Object {
  "fills": Array [
    Object {
      "gradientStops": Array [
        Object {
          "color": Object {
            "a": 1,
            "b": 0.396078431372549,
            "g": 0.39215686274509803,
            "r": 0.9019607843137255,
          },
          "position": 0,
        },
        Object {
          "color": Object {
            "a": 1,
            "b": 0.8980392156862745,
            "g": 0.596078431372549,
            "r": 0.5686274509803921,
          },
          "position": 1,
        },
      ],
      "gradientTransform": Array [
        Array [
          6.123233995736766e-17,
          1,
          0,
        ],
        Array [
          -1,
          6.123233995736766e-17,
          1,
        ],
      ],
      "type": "GRADIENT_LINEAR",
    },
  ],
}
`;

exports[`transformGeometryStyleProperties imageHash transforms to fills 1`] = `
Object {
  "fills": Array [
    Object {
      "imageHash": "data:image/png;base64,iVBORw0KGgoAAA
ANSUhEUgAAAAUAAAAFCAYAAACNbyblAAAAHElEQVQI12P4
//8/w38GIAXDIBKE0DHxgljNBAAO9TXL0Y4OHwAAAABJRU
5ErkJggg==",
      "scaleMode": "FILL",
      "type": "IMAGE",
    },
  ],
}
`;

exports[`transformGeometryStyleProperties imageHash transforms to fills with default as background image 1`] = `
Object {
  "fills": Array [
    Object {
      "imageHash": "data:image/png;base64,iVBORw0KGgoAAA
ANSUhEUgAAAAUAAAAFCAYAAACNbyblAAAAHElEQVQI12P4
//8/w38GIAXDIBKE0DHxgljNBAAO9TXL0Y4OHwAAAABJRU
5ErkJggg==",
      "scaleMode": "FILL",
      "type": "IMAGE",
    },
  ],
}
`;

exports[`transformGeometryStyleProperties imageHash transforms to fills with uri as background image 1`] = `
Object {
  "fills": Array [
    Object {
      "imageHash": "data:image/png;base64,iVBORw0KGgoAAA
ANSUhEUgAAAAUAAAAFCAYAAACNbyblAAAAHElEQVQI12P4
//8/w38GIAXDIBKE0DHxgljNBAAO9TXL0Y4OHwAAAABJRU
5ErkJggg==",
      "scaleMode": "FILL",
      "type": "IMAGE",
    },
  ],
}
`;
