// Jest Snapshot v1, https://goo.gl/fbAQLP

exports[`<Slice /> Slice with layout style properties 1`] = `
<slice
  height={200}
  innerRef={
    Object {
      "current": undefined,
    }
  }
  style={
    Object {
      "height": 200,
      "left": 20,
      "top": 50,
      "width": 100,
    }
  }
  width={100}
  x={20}
  y={50}
/>
`;

exports[`<Slice /> Slice without props 1`] = `
<slice
  innerRef={
    Object {
      "current": undefined,
    }
  }
  style={Object {}}
/>
`;
